<html>
<body>
<pre>
<h1>µVision Build Log</h1>
<h2>Tool Versions:</h2>
IDE-Version: µVision V5.39.0.0
Copyright (C) 2023 ARM Ltd and ARM Germany GmbH. All rights reserved.
License Information: Rafiqul Islam, Think, LIC=----
 
Tool Versions:
Toolchain:       MDK-Lite  Version: 5.39.0.0
Toolchain Path:  C:\Keil_v5\ARM\ARMCLANG\Bin
C Compiler:      ArmClang.exe V6.21
Assembler:       Armasm.exe V6.21
Linker/Locator:  ArmLink.exe V6.21
Library Manager: ArmAr.exe V6.21
Hex Converter:   FromElf.exe V6.21
CPU DLL:         SARMCM3.DLL V5.39.0.0
Dialog DLL:      DCM.DLL V1.17.5.0
Target DLL:      UL2CM3.DLL V1.164.9.0
Dialog DLL:      TCM.DLL V1.56.4.0
 
<h2>Project:</h2>
C:\Users\irafi\Desktop\EMBEDDED SYSTEMS Course, THiNK\Practics\S7\Seven_Segment_Display.uvprojx
Project File Date:  12/21/2023

<h2>Output:</h2>
*** Using Compiler 'V6.21', folder: 'C:\Keil_v5\ARM\ARMCLANG\Bin'
Build target 'Target 1'
Seven_Segment_Display.c(4): warning: no previous prototype for function 'delay' [-Wmissing-prototypes]
    4 | void delay(int count) {
      |      ^
Seven_Segment_Display.c(4): note: declare 'static' if the function is not intended to be used outside of this translation unit
    4 | void delay(int count) {
      | ^
      | static 
Seven_Segment_Display.c(17): warning: implicit conversion changes signedness: 'int' to 'uint32_t' (aka 'unsigned int') [-Wsign-conversion]
   17 |     GPIOA->ODR |= (segmentValues[digit] << GPIO_ODR_OD0_Pos);
      |                ~~  ~~~~~~~~~~~~~~~~~~~~~^~~~~~~~~~~~~~~~~~~
Seven_Segment_Display.c(23): warning: implicit conversion changes signedness: 'int' to 'uint32_t' (aka 'unsigned int') [-Wsign-conversion]
   23 |     GPIOA->ODR &= ~(0x7F << GPIO_ODR_OD0_Pos);
      |                ~~ ^~~~~~~~~~~~~~~~~~~~~~~~~~~
Seven_Segment_Display.c(11): warning: no previous prototype for function 'displayDigit' [-Wmissing-prototypes]
   11 | void displayDigit(int digit) {
      |      ^
Seven_Segment_Display.c(11): note: declare 'static' if the function is not intended to be used outside of this translation unit
   11 | void displayDigit(int digit) {
      | ^
      | static 
Seven_Segment_Display.c(17): warning: unsafe buffer access [-Wunsafe-buffer-usage]
   17 |     GPIOA->ODR |= (segmentValues[digit] << GPIO_ODR_OD0_Pos);
      |                    ^~~~~~~~~~~~~
5 warnings generated.
compiling Seven_Segment_Display.c...
linking...
Program Size: Code=608 RO-data=420 RW-data=0 ZI-data=1632  
FromELF: creating hex file...
".\Objects\LEd.axf" - 0 Error(s), 5 Warning(s).

<h2>Software Packages used:</h2>

Package Vendor: ARM
                http://www.keil.com/pack/ARM.CMSIS.5.9.0.pack
                ARM::CMSIS@5.9.0
                CMSIS (Common Microcontroller Software Interface Standard)
   * Component: CORE Version: 5.6.0

Package Vendor: Keil
                https://www.keil.com/pack/Keil.STM32F4xx_DFP.2.17.1.pack
                Keil::STM32F4xx_DFP@2.17.1
                STMicroelectronics STM32F4 Series Device Support, Drivers and Examples
   * Component: Startup Version: 2.6.3

<h2>Collection of Component include folders:</h2>
  ./RTE/_Target_1
  C:/Users/irafi/AppData/Local/Arm/Packs/ARM/CMSIS/5.9.0/CMSIS/Core/Include
  C:/Users/irafi/AppData/Local/Arm/Packs/Keil/STM32F4xx_DFP/2.17.1/Drivers/CMSIS/Device/ST/STM32F4xx/Include

<h2>Collection of Component Files used:</h2>

   * Component: ARM::CMSIS:CORE@5.6.0

   * Component: Keil::Device:Startup@2.6.3
      Source file:   MDK/Device/Source/ARM/STM32F401xx_OPT.s
      Source file:   MDK/Device/Source/ARM/STM32F4xx_OTP.s
      Include file:  Drivers/CMSIS/Device/ST/STM32F4xx/Include/stm32f4xx.h
      Source file:   Drivers/CMSIS/Device/ST/STM32F4xx/Source/Templates/arm/startup_stm32f401xc.s
      Source file:   Drivers/CMSIS/Device/ST/STM32F4xx/Source/Templates/system_stm32f4xx.c
Build Time Elapsed:  00:00:01
</pre>
</body>
</html>
